# Saved-snapshot corrective run

Purpose: regression re-analysis of retained 2026-09-07 inputs
Command: PYTHONPATH=src .venv/bin/python -m kxsurv.cli --skip-ingest --db out/kxsurv.db
Source commit: e0d24a2
Run ID: 8
Parameter version: 1.1.0
Parameters SHA-256: b7ebfd8a51a871df8d9cd240afa24a956a9d077636e9bc6d28bfd571b00bb057
Input fingerprint: 6bdc06093985193845082f3288f2fcbf62c6c656cb265b5302459f88533d2983
Code fingerprint: 60702ce0b3239f50667f742822d702550e47a7436e2d04d621c3c6653a556b90
Started: 2026-09-11T14:02:29.564629+00:00
Finished: 2026-09-11T14:02:33.048821+00:00
Status: complete (5/5 controls)

Control results:
- C1: 3 (69 of 408 markets scored)
- C2: 0
- C3: 12 (9,793 scoreable observations; 480 percentile-qualified before persistence)
- C4: 14
- C5: 1

Triage funnel:
- Generated: 30
- Triaged: 30
- No action: 14
- Monitor: 16
- Escalated: 0
- Untriaged: 0

Run 8's alert identity, score, threshold, percentile, window, and evidence
fields matched run 7 exactly after acquisition-tier hardening. Each run-8 row
then received a new reviewed disposition; no disposition row was inherited by
database linkage.

This is a corrective regression on data used during development, not prospective
validation. The database itself is gitignored; this log identifies but does not
reproduce it.
